C:\Users\DELL\Desktop\java-email-client-master\src\main\java\com\project\emailclient\ConnectDialog.java
C:\Users\DELL\Desktop\java-email-client-master\src\main\java\com\project\emailclient\MessagesTableModel.java
C:\Users\DELL\Desktop\java-email-client-master\src\main\java\com\project\emailclient\RssReader.java
C:\Users\DELL\Desktop\java-email-client-master\src\main\java\com\project\emailclient\MainClass.java
C:\Users\DELL\Desktop\java-email-client-master\src\main\java\com\project\emailclient\MessageDialog.java
C:\Users\DELL\Desktop\java-email-client-master\src\main\java\com\project\emailclient\JavaApplication2.java
C:\Users\DELL\Desktop\java-email-client-master\src\main\java\com\project\emailclient\DownloadingDialog.java
C:\Users\DELL\Desktop\java-email-client-master\src\main\java\com\project\emailclient\FileList.java
C:\Users\DELL\Desktop\java-email-client-master\src\main\java\com\project\emailclient\RSSFrame.java
C:\Users\DELL\Desktop\java-email-client-master\src\main\java\com\project\emailclient\EmailClient.java
